Flow report for lab6
Thu May 26 10:12:28 2022
Quartus Prime Version 21.1.0 Build 842 10/21/2021 SJ Lite Edition


---------------------
; Table of Contents ;
---------------------
  1. Legal Notice
  2. Flow Summary
  3. Flow Settings
  4. Flow Non-Default Global Settings
  5. Flow Elapsed Time
  6. Flow OS Summary
  7. Flow Log
  8. Flow Messages
  9. Flow Suppressed Messages



----------------
; Legal Notice ;
----------------
Copyright (C) 2021  Intel Corporation. All rights reserved.
Your use of Intel Corporation's design tools, logic functions 
and other software and tools, and any partner logic 
functions, and any output files from any of the foregoing 
(including device programming or simulation files), and any 
associated documentation or information are expressly subject 
to the terms and conditions of the Intel Program License 
Subscription Agreement, the Intel Quartus Prime License Agreement,
the Intel FPGA IP License Agreement, or other applicable license
agreement, including, without limitation, that your use is for
the sole purpose of programming logic devices manufactured by
Intel and sold by Intel or its authorized distributors.  Please
refer to the applicable agreement for further details, at
https://fpgasoftware.intel.com/eula.



+---------------------------------------------------------------------------+
; Flow Summary                                                              ;
+-----------------------------+---------------------------------------------+
; Flow Status                 ; Successful - Thu May 26 10:12:28 2022       ;
; Quartus Prime Version       ; 21.1.0 Build 842 10/21/2021 SJ Lite Edition ;
; Revision Name               ; lab6                                        ;
; Top-level Entity Name       ; n1s_n0s                                     ;
; Family                      ; Cyclone V                                   ;
; Device                      ; 5CSEMA5F31C6                                ;
; Timing Models               ; Final                                       ;
; Logic utilization (in ALMs) ; N/A until Partition Merge                   ;
; Total registers             ; N/A until Partition Merge                   ;
; Total pins                  ; N/A until Partition Merge                   ;
; Total virtual pins          ; N/A until Partition Merge                   ;
; Total block memory bits     ; N/A until Partition Merge                   ;
; Total PLLs                  ; N/A until Partition Merge                   ;
; Total DLLs                  ; N/A until Partition Merge                   ;
+-----------------------------+---------------------------------------------+


+-----------------------------------------+
; Flow Settings                           ;
+-------------------+---------------------+
; Option            ; Setting             ;
+-------------------+---------------------+
; Start date & time ; 05/26/2022 10:12:22 ;
; Main task         ; Compilation         ;
; Revision Name     ; lab6                ;
+-------------------+---------------------+


+------------------------------------------------------------------------------------------------------------------------------+
; Flow Non-Default Global Settings                                                                                             ;
+--------------------------------------+----------------------------------------+---------------+-------------+----------------+
; Assignment Name                      ; Value                                  ; Default Value ; Entity Name ; Section Id     ;
+--------------------------------------+----------------------------------------+---------------+-------------+----------------+
; COMPILER_SIGNATURE_ID                ; 31239357294223.165352394115400         ; --            ; --          ; --             ;
; EDA_DESIGN_INSTANCE_NAME             ; NA                                     ; --            ; --          ; n1s_n0s_TB     ;
; EDA_DESIGN_INSTANCE_NAME             ; NA                                     ; --            ; --          ; lab6_p1_TB     ;
; EDA_NATIVELINK_SIMULATION_TEST_BENCH ; lab6_p1_TB                             ; --            ; --          ; eda_simulation ;
; EDA_OUTPUT_DATA_FORMAT               ; Verilog Hdl                            ; --            ; --          ; eda_simulation ;
; EDA_SIMULATION_TOOL                  ; Questa Intel FPGA (Verilog)            ; <None>        ; --          ; --             ;
; EDA_TEST_BENCH_ENABLE_STATUS         ; TEST_BENCH_MODE                        ; --            ; --          ; eda_simulation ;
; EDA_TEST_BENCH_FILE                  ; part2/counter_module.v                 ; --            ; --          ; n1s_n0s_TB     ;
; EDA_TEST_BENCH_FILE                  ; part2/counter_module.v.bak             ; --            ; --          ; n1s_n0s_TB     ;
; EDA_TEST_BENCH_FILE                  ; part2/fourbit_counter.v                ; --            ; --          ; n1s_n0s_TB     ;
; EDA_TEST_BENCH_FILE                  ; part2/fourbit_counter.v.bak            ; --            ; --          ; n1s_n0s_TB     ;
; EDA_TEST_BENCH_FILE                  ; part2/n1s_n0s.v                        ; --            ; --          ; n1s_n0s_TB     ;
; EDA_TEST_BENCH_FILE                  ; part2/n1s_n0s.v.bak                    ; --            ; --          ; n1s_n0s_TB     ;
; EDA_TEST_BENCH_FILE                  ; part2/next_state_P2.v                  ; --            ; --          ; n1s_n0s_TB     ;
; EDA_TEST_BENCH_FILE                  ; part2/next_state_P2.v.bak              ; --            ; --          ; n1s_n0s_TB     ;
; EDA_TEST_BENCH_FILE                  ; part2/output_sig_P2.v                  ; --            ; --          ; n1s_n0s_TB     ;
; EDA_TEST_BENCH_FILE                  ; part2/output_sig_P2.v.bak              ; --            ; --          ; n1s_n0s_TB     ;
; EDA_TEST_BENCH_FILE                  ; part2/state_reg_P2.v                   ; --            ; --          ; n1s_n0s_TB     ;
; EDA_TEST_BENCH_FILE                  ; part2/state_reg_P2.v.bak               ; --            ; --          ; n1s_n0s_TB     ;
; EDA_TEST_BENCH_FILE                  ; part1/four1s_four0s.v                  ; --            ; --          ; lab6_p1_TB     ;
; EDA_TEST_BENCH_FILE                  ; part1/lab6_p1_TB.v                     ; --            ; --          ; lab6_p1_TB     ;
; EDA_TEST_BENCH_FILE                  ; part1/next_state.v                     ; --            ; --          ; lab6_p1_TB     ;
; EDA_TEST_BENCH_FILE                  ; part1/output_sig.v                     ; --            ; --          ; lab6_p1_TB     ;
; EDA_TEST_BENCH_MODULE_NAME           ; n1s_n0s_TB                             ; --            ; --          ; n1s_n0s_TB     ;
; EDA_TEST_BENCH_MODULE_NAME           ; lab6_p1_TB                             ; --            ; --          ; lab6_p1_TB     ;
; EDA_TEST_BENCH_NAME                  ; lab6_p1_TB                             ; --            ; --          ; eda_simulation ;
; EDA_TEST_BENCH_NAME                  ; n1s_n0s_TB                             ; --            ; --          ; eda_simulation ;
; EDA_TEST_BENCH_RUN_SIM_FOR           ; 1 us                                   ; --            ; --          ; n1s_n0s_TB     ;
; EDA_TEST_BENCH_RUN_SIM_FOR           ; 1 us                                   ; --            ; --          ; lab6_p1_TB     ;
; EDA_TIME_SCALE                       ; 1 ps                                   ; --            ; --          ; eda_simulation ;
; MAX_CORE_JUNCTION_TEMP               ; 85                                     ; --            ; --          ; --             ;
; MIN_CORE_JUNCTION_TEMP               ; 0                                      ; --            ; --          ; --             ;
; PARTITION_COLOR                      ; -- (Not supported for targeted family) ; --            ; DE1_SoC     ; Top            ;
; PARTITION_COLOR                      ; -- (Not supported for targeted family) ; --            ; n1s_n0s     ; Top            ;
; PARTITION_FITTER_PRESERVATION_LEVEL  ; -- (Not supported for targeted family) ; --            ; DE1_SoC     ; Top            ;
; PARTITION_FITTER_PRESERVATION_LEVEL  ; -- (Not supported for targeted family) ; --            ; n1s_n0s     ; Top            ;
; PARTITION_NETLIST_TYPE               ; -- (Not supported for targeted family) ; --            ; DE1_SoC     ; Top            ;
; PARTITION_NETLIST_TYPE               ; -- (Not supported for targeted family) ; --            ; n1s_n0s     ; Top            ;
; POWER_BOARD_THERMAL_MODEL            ; None (CONSERVATIVE)                    ; --            ; --          ; --             ;
; POWER_PRESET_COOLING_SOLUTION        ; 23 MM HEAT SINK WITH 200 LFPM AIRFLOW  ; --            ; --          ; --             ;
; PROJECT_OUTPUT_DIRECTORY             ; output_files                           ; --            ; --          ; --             ;
; TOP_LEVEL_ENTITY                     ; n1s_n0s                                ; lab6          ; --          ; --             ;
+--------------------------------------+----------------------------------------+---------------+-------------+----------------+


+----------------------------------------------------------------------------------------------------------------------------+
; Flow Elapsed Time                                                                                                          ;
+------------------------+--------------+-------------------------+---------------------+------------------------------------+
; Module Name            ; Elapsed Time ; Average Processors Used ; Peak Virtual Memory ; Total CPU Time (on all processors) ;
+------------------------+--------------+-------------------------+---------------------+------------------------------------+
; Analysis & Elaboration ; 00:00:07     ; 1.0                     ; 4777 MB             ; 00:00:18                           ;
; Total                  ; 00:00:07     ; --                      ; --                  ; 00:00:18                           ;
+------------------------+--------------+-------------------------+---------------------+------------------------------------+


+--------------------------------------------------------------------------------------+
; Flow OS Summary                                                                      ;
+------------------------+------------------+------------+------------+----------------+
; Module Name            ; Machine Hostname ; OS Name    ; OS Version ; Processor type ;
+------------------------+------------------+------------+------------+----------------+
; Analysis & Elaboration ; PC               ; Windows 10 ; 10.0       ; x86_64         ;
+------------------------+------------------+------------+------------+----------------+


------------
; Flow Log ;
------------
quartus_map --read_settings_files=on --write_settings_files=off lab6 -c lab6 --analysis_and_elaboration



